
> csr-module@0.0.0 build
> ng build

[33mΓ¥»[39m Building...
[32mΓ£ö[39m Building...
[1mInitial chunk files[22m  [2m | [22m[1mNames[22m                     [2m | [22m [1mRaw size[22m[2m | [22m[1mEstimated transfer size[22m
[32mchunk-3GUB4OJ6.js[39m    [2m | [22m[2m-[22m                         [2m | [22m[36m289.91 kB[39m[2m | [22m               [36m74.55 kB[39m
[32mchunk-PK4GVWHB.js[39m    [2m | [22m[2m-[22m                         [2m | [22m[36m204.72 kB[39m[2m | [22m               [36m49.98 kB[39m
[32mmain-SDG52WTD.js[39m     [2m | [22m[2mmain[22m                      [2m | [22m[36m160.86 kB[39m[2m | [22m               [36m36.30 kB[39m
[32mchunk-FLW4CMZW.js[39m    [2m | [22m[2m-[22m                         [2m | [22m[36m128.61 kB[39m[2m | [22m               [36m24.73 kB[39m
[32mstyles-QR5KD5S2.css[39m  [2m | [22m[2mstyles[22m                    [2m | [22m[36m123.59 kB[39m[2m | [22m               [36m12.09 kB[39m
[32mchunk-ZSAIT2VK.js[39m    [2m | [22m[2m-[22m                         [2m | [22m[36m106.96 kB[39m[2m | [22m               [36m27.98 kB[39m
[32mchunk-XP75CZAJ.js[39m    [2m | [22m[2m-[22m                         [2m | [22m [36m94.64 kB[39m[2m | [22m               [36m17.86 kB[39m
[32mchunk-UQ3S4UH2.js[39m    [2m | [22m[2m-[22m                         [2m | [22m [36m72.25 kB[39m[2m | [22m               [36m18.03 kB[39m
[32mchunk-3NBDI6SD.js[39m    [2m | [22m[2m-[22m                         [2m | [22m [36m57.54 kB[39m[2m | [22m               [36m13.46 kB[39m
[32mchunk-ZSOSPVNV.js[39m    [2m | [22m[2m-[22m                         [2m | [22m [36m40.78 kB[39m[2m | [22m                [36m8.47 kB[39m
[32mpolyfills-5CFQRCPP.js[39m[2m | [22m[2mpolyfills[22m                 [2m | [22m [36m34.59 kB[39m[2m | [22m               [36m11.33 kB[39m
[32mchunk-NDUHJVGI.js[39m    [2m | [22m[2m-[22m                         [2m | [22m [36m27.28 kB[39m[2m | [22m                [36m4.76 kB[39m
[32mchunk-RH7MIW2A.js[39m    [2m | [22m[2m-[22m                         [2m | [22m [36m25.80 kB[39m[2m | [22m                [36m6.69 kB[39m
[32mchunk-DZ4Y3QTX.js[39m    [2m | [22m[2m-[22m                         [2m | [22m [36m17.57 kB[39m[2m | [22m                [36m5.20 kB[39m
[32mchunk-H2ROUJHC.js[39m    [2m | [22m[2m-[22m                         [2m | [22m [36m17.32 kB[39m[2m | [22m                [36m4.66 kB[39m
[32mchunk-7NUKK7ER.js[39m    [2m | [22m[2m-[22m                         [2m | [22m [36m12.95 kB[39m[2m | [22m                [36m4.06 kB[39m
[32mchunk-GHYN3Z5V.js[39m    [2m | [22m[2m-[22m                         [2m | [22m  [36m5.80 kB[39m[2m | [22m                [36m1.81 kB[39m
[32mchunk-KMQN5ZPR.js[39m    [2m | [22m[2m-[22m                         [2m | [22m  [36m2.95 kB[39m[2m | [22m              [36m893 bytes[39m
[32mchunk-YHGLVMOI.js[39m    [2m | [22m[2m-[22m                         [2m | [22m  [36m2.01 kB[39m[2m | [22m              [36m594 bytes[39m
[32mchunk-YGDQQRK4.js[39m    [2m | [22m[2m-[22m                         [2m | [22m  [36m1.16 kB[39m[2m | [22m              [36m556 bytes[39m

[1m [22m                    [2m | [22m[1mInitial total[22m             [2m | [22m  [1m[91m1.43 MB[39m[22m[2m | [22m              [1m324.02 kB[22m

[1mLazy chunk files[22m     [2m | [22m[1mNames[22m                     [2m | [22m [1mRaw size[22m[2m | [22m[1mEstimated transfer size[22m
[32mchunk-VOIEOTJB.js[39m    [2m | [22m[2m-[22m                         [2m | [22m [36m61.28 kB[39m[2m | [22m               [36m13.21 kB[39m
[32mchunk-QWYUAQ67.js[39m    [2m | [22m[2mprojects-board-component[22m  [2m | [22m [36m61.16 kB[39m[2m | [22m               [36m14.81 kB[39m
[32mchunk-IGCTYUHN.js[39m    [2m | [22m[2m-[22m                         [2m | [22m [36m31.02 kB[39m[2m | [22m                [36m8.40 kB[39m
[32mchunk-XBSGSPSW.js[39m    [2m | [22m[2mverify-component[22m          [2m | [22m [36m12.90 kB[39m[2m | [22m                [36m3.53 kB[39m
[32mchunk-234XTR6V.js[39m    [2m | [22m[2mprojects-component[22m        [2m | [22m [36m11.96 kB[39m[2m | [22m                [36m3.73 kB[39m
[32mchunk-RX6ZHFMC.js[39m    [2m | [22m[2memployees-component[22m       [2m | [22m  [36m9.40 kB[39m[2m | [22m                [36m3.06 kB[39m
[32mchunk-XH63KIDS.js[39m    [2m | [22m[2mevents-component[22m          [2m | [22m  [36m8.45 kB[39m[2m | [22m                [36m2.89 kB[39m
[32mchunk-DANAYKBK.js[39m    [2m | [22m[2mreports-component[22m         [2m | [22m  [36m7.72 kB[39m[2m | [22m                [36m2.60 kB[39m
[32mchunk-CPVLU6AV.js[39m    [2m | [22m[2mvolunteers-cards-component[22m[2m | [22m  [36m7.15 kB[39m[2m | [22m                [36m2.42 kB[39m
[32mchunk-U5BGQ24A.js[39m    [2m | [22m[2mprojects-grid-component[22m   [2m | [22m  [36m6.36 kB[39m[2m | [22m                [36m2.22 kB[39m
[32mchunk-PCCINSXD.js[39m    [2m | [22m[2mmy-projects-component[22m     [2m | [22m  [36m5.27 kB[39m[2m | [22m                [36m2.04 kB[39m

Application bundle generation failed. [13.128 seconds] - 2026-03-17T03:06:31.726Z

